[1;38;2;255;111;213m➜[0m [1;38;2;255;111;213malice@plan.cat[0m [38;2;128;128;128m123ms[0m [38;2;255;208;107m✦[0m
Login: alice
Name: Alice Example
Directory: /home/alice
Shell: /bin/zsh
On since Mon Mar 10 09:14 (PST) on tty1
Plan:
This is my plan for today.
- finish lookit MVP
- have a snack

[38;2;128;128;128m179 B · 123ms[0m
